// Jest Snapshot v1, https://jestjs.io/docs/snapshot-testing

exports[`Grids component matches snapshot 1`] = `
<DocumentFragment>
  <div
    class="MuiGrid-root MuiGrid-container MuiGrid-direction-xs-row MuiGrid-spacing-xs-2 css-zjhuaj-MuiGrid-root"
  >
    <div
      class="MuiGrid-root MuiGrid-direction-xs-row MuiGrid-grid-xs-12 MuiGrid-grid-sm-12 MuiGrid-grid-md-6 MuiGrid-grid-lg-3 css-1n6p561-MuiGrid-root"
    >
      <div
        class="MuiPaper-root MuiPaper-elevation MuiPaper-rounded MuiPaper-elevation0 MuiCard-root css-1bc4jfb-MuiPaper-root-MuiCard-root"
        role="button"
        style="--Paper-shadow: none;"
        tabindex="0"
      >
        <img
          alt="Sample Video"
          class="MuiCardMedia-root MuiCardMedia-media MuiCardMedia-img css-1taht9m-MuiCardMedia-root"
          src="http://sampleurl.com/thumb.jpeg"
        />
        <div
          class="MuiCardContent-root css-xg3z28-MuiCardContent-root"
        >
          <h6
            class="MuiTypography-root MuiTypography-subtitle1 MuiTypography-noWrap css-1a0nm56-MuiTypography-root"
          >
            Sample Video
          </h6>
          <h6
            class="MuiTypography-root MuiTypography-subtitle2 MuiTypography-noWrap css-censad-MuiTypography-root"
          >
            Channel: Sample Channel
          </h6>
          <h6
            class="MuiTypography-root MuiTypography-subtitle2 MuiTypography-noWrap css-1fu4cak-MuiTypography-root"
          >
            1.5K views • a few seconds ago
          </h6>
        </div>
      </div>
    </div>
  </div>
</DocumentFragment>
`;
